  log_10(2) = 3.010300e-01 0.301030 0.30103001
f log_10(2) = 0.30103

g: π = 3.1415

d: π = 3.1415

h: e = 2.71828


3.1415:
f: 0E56_4149
f: 3.1415

d: 0E56_4149 9374_0418
d: 3.1415

g: 21CA_4029 126E_C083
g: 3.1415

h: 921C_4002 3126_AC08 D4FD_E978 45A2_F3B6
h: 3.1415
